// Jest Snapshot v1, https://goo.gl/fbAQLP

exports[`should render correctly with no props 1`] = `
<withRedux(SignUp)>
  <Provider
    store={
      Object {
        "@@observable": [Function],
        "dispatch": [Function],
        "getState": [Function],
        "replaceReducer": [Function],
        "subscribe": [Function],
      }
    }
  >
    <SignUp>
      <div
        className="flex flex-col items-center justify-center"
      >
        <HomeHeader>
          <Header
            Title={[Function]}
          >
            <div
              className="w-full flex items-center justify-center relative bg-white-smoke py-4"
            >
              <title>
                <icon-mock
                  className="mr-2"
                />
                <span
                  className="text-accent font-medium text-xl"
                >
                  Home
                </span>
                <span
                  className="text-black font-medium text-xl"
                >
                  Page
                </span>
              </title>
            </div>
          </Header>
        </HomeHeader>
        <div
          className="flex flex-col items-center justify-center p-5"
        >
          <div
            className="flex flex-row items-center justify-center mt-5"
          >
            <RoundedBorderButton
              isActive={true}
              label="Email"
              onClick={[Function]}
            >
              <button
                className="text-gray-900 bg-gray-100 font-medium rounded-full text-sm px-5 py-2.5 text-center mr-2 mb-2 border border-gray-300"
                name="Email"
                onClick={[Function]}
              >
                <span>
                  Email
                </span>
              </button>
            </RoundedBorderButton>
            <RoundedBorderButton
              isActive={false}
              label="Phone"
              onClick={[Function]}
            >
              <button
                className="text-gray-900 bg-white font-medium rounded-full text-sm px-5 py-2.5 text-center mr-2 mb-2"
                name="Phone"
                onClick={[Function]}
              >
                <span>
                  Phone
                </span>
              </button>
            </RoundedBorderButton>
          </div>
          <div
            className="mt-5 w-full px-3"
          >
            <InputField
              onChange={[Function]}
              placeholder="johndoe@gmail.com"
              type="email"
              value=""
            >
              <div
                className="mb-6 rounded-md"
              >
                <input
                  className="rounded-lg bg-gray-50 appearance-none border-2 border-gray-300 w-full py-2 px-4 text-gray-700 leading-tight focus:outline-none focus:bg-white focus:border-accent-theme"
                  onChange={[Function]}
                  placeholder="johndoe@gmail.com"
                  type="email"
                  value=""
                />
              </div>
            </InputField>
          </div>
          <div
            className="mt-0"
          >
            <ButtonWithIcon
              isDisabled={true}
              label="Continue"
            >
              <button
                className="bg-silver-sand font-bold py-2 px-4 rounded-lg flex items-center"
                disabled={true}
              >
                <span
                  className="mr-3"
                  style={
                    Object {
                      "color": "white",
                    }
                  }
                >
                  Continue
                </span>
                <icon-mock />
              </button>
            </ButtonWithIcon>
          </div>
          <div
            className="mt-5"
          >
            <p
              className="text-center"
            >
              by clicking continue you must agree to near labs
               
              <Link
                href="/"
                passHref={true}
              >
                <span
                  href="/"
                  onClick={[Function]}
                  onMouseEnter={[Function]}
                  style={
                    Object {
                      "color": "blue",
                    }
                  }
                >
                  Terms & Conditions
                </span>
              </Link>
               
              and
               
              <Link
                href="/"
                passHref={true}
              >
                <span
                  href="/"
                  onClick={[Function]}
                  onMouseEnter={[Function]}
                  style={
                    Object {
                      "color": "blue",
                    }
                  }
                >
                  Privacy Policy
                </span>
              </Link>
            </p>
          </div>
          <div
            className="mt-10 w-full px-3"
          >
            <Divder>
              <div
                style={
                  Object {
                    "border": "0.5px solid lightgrey",
                  }
                }
              />
            </Divder>
          </div>
          <div
            className="mt-5"
          >
            <p
              className="text-center"
            >
              Already have an account?
            </p>
          </div>
          <div
            className="mt-5"
          >
            <ButtonWithIcon
              isDisabled={false}
              isLogin={true}
              label="Log in with NEAR "
            >
              <button
                className="bg-accent-black font-bold py-2 px-4 rounded-lg flex items-center"
                disabled={false}
              >
                <span
                  className="mr-3"
                  style={
                    Object {
                      "color": "white",
                    }
                  }
                >
                  Log in with NEAR 
                </span>
                <icon-mock />
              </button>
            </ButtonWithIcon>
          </div>
        </div>
      </div>
    </SignUp>
  </Provider>
</withRedux(SignUp)>
`;
